Unsloth: Failed to patch Gemma3ForConditionalGeneration.
🦥 Unsloth Zoo will now patch everything to make training faster!
==((====))==  Unsloth 2025.3.19: Fast Gemma3 patching. Transformers: 4.51.3.
   \\   /|    NVIDIA RTX A5000. Num GPUs = 1. Max memory: 23.673 GB. Platform: Linux.
O^O/ \_/ \    Torch: 2.6.0+cu124. CUDA: 8.6. CUDA Toolkit: 12.4. Triton: 3.2.0
\        /    Bfloat16 = TRUE. FA [Xformers = 0.0.29.post3. FA2 = False]
 "-____-"     Free license: http://github.com/unslothai/unsloth
Unsloth: Fast downloading is enabled - ignore downloading bars which are red colored!
Using a slow image processor as `use_fast` is unset and a slow processor was saved with this model. `use_fast=True` will be the default behavior in v4.52, even if the model was saved with a slow processor. This will result in minor differences in outputs. You'll still be able to use a slow processor with `use_fast=False`.
Warning: <r> tag found in word '</r>	พรหมทัตปรีดิ์เปรมเกษม<r>ศานต์'. Skipping this entry.
Warning: <r> tag found in word '</r>	พรหมทัตปรีดิ์เปรมเกษม<r>ศานต์'. Skipping this entry.
Warning: <r> tag found in word '</r>	พรหมทัตธิบดินทร์ปิ่นส<r>นม'. Skipping this entry.
Warning: <r> tag found in word '</r>	พรหมทัตธิบดินทร์ปิ่นส<r>นม'. Skipping this entry.
Warning: <r> tag found in word '</r>	เพชรรัตน์ไพฑูรย์จำรูญ<r>ศรี'. Skipping this entry.
Warning: <r> tag found in word '</r>	อวยสวัสดิ์ทรงยศโอร<r>สา'. Skipping this entry.
Warning: <r> tag found in word '</r>	โสมนัสชวนองค์โอร<r>สา'. Skipping this entry.
Warning: <r> tag found in word '</r>	มารีบรัดตัดชาติวาส<r>นา'. Skipping this entry.
Warning: <r> tag found in word '</r>	เพชรรัตน์รจนามุกดา<r>หาร'. Skipping this entry.
Warning: <r> tag found in word '</r>	เพชรรัตน์รจนามุกดา<r>หาร'. Skipping this entry.
Warning: <r> tag found in word '</r>	เพชรรัตน์รจนามุกดา<r>หาร'. Skipping this entry.
Warning: <r> tag found in word '</r>	เพชรรัตน์รจนามุกดา<r>หาร'. Skipping this entry.
Warning: <r> tag found in word '</r>	พรหมทัตทราบเรื่องในเบื้อง<r>หลัง'. Skipping this entry.
Warning: <r> tag found in word '</r>	พรหมทัตทราบเรื่องในเบื้อง<r>หลัง'. Skipping this entry.
Warning: <r> tag found in word '</r>	ก็ข้องขัดตัดขาดวาส<r>นา'. Skipping this entry.
Unsloth: You're adding new_tokens = ['<klon8>', '<phonetic>', '<th>', '<r>', '</r>', '[0]', '[1]', '[2]', '[3]', '[4]', '[?]', '[@@]', '[N]', '[OO]', '[O]', '[UU]', '[UUa]', '[U]', '[a]', '[aa]', '[b]', '[c]', '[ch]', '[d]', '[e]', '[ee]', '[f]', '[h]', '[i]', '[ii]', '[iia]', '[j]', '[k]', '[kh]', '[khl]', '[khr]', '[khw]', '[kl]', '[kr]', '[kw]', '[l]', '[m]', '[n]', '[o]', '[oo]', '[p]', '[ph]', '[phl]', '[phr]', '[pl]', '[pr]', '[r]', '[s]', '[sr]', '[t]', '[th]', '[thr]', '[tr]', '[u]', '[uu]', '[uua]', '[w]', '[x]', '[xx]']
There are tokens which are overlapping = ['<th>']
We shall safely ignore these overlapping tokens.
['<klon8>', '▁พอ', 'ได้', 'ยิน', 'เสียง', 'ระ', 'ฆ', 'ัง', 'ข้าง', 'หลัง', '<r>', '[a]', '[w]', 'เขา', '</r>', '\t', 'เห็น', 'ผู้', '<r>', '[a]', '[w]', 'เ', 'ฒ', '่า', '</r>', 'ออกจาก', 'ช', 'ะ', 'ว', 'าก', '<r>', '[a]', 'ผ', 'า', '</r>', '\n', 'ดู', 'สรร', 'พ', 'าง', 'ค์', 'ร่างกาย', 'แก่', 'ช', '<r>', '[a]', 'รา', '</r>', '\t', 'แต่', 'ผิว', '<r>', '[a]', 'หน้า', '</r>', 'นั้น', 'ละ', 'ม', '้าย', 'คล', '้าย', 'ท', 'า', '<r>', '[o]', '[k]', 'รก', '</r>', '\n', 'ทรง', 'เสื้อ', 'โ', 'ข', 'ม', 'พ', 'ัส', 'ตรา', 'น', 'ุ่ง', 'ผ้า', '<r>', '[a]', '[w]', 'ขาว', '</r>', '\t', 'ผม', 'นั้น', '<r>', '[a]', '[w]', 'ยาว', '</r>', 'ย', '้อย', 'ส', 'ยาย', 'ประ', 'ป', 'ราย', '<r>', '[o]', '[k]', 'ป', 'รก', '</r>', '\n', 'ถือ', 'ไม้', 'เท้า', 'เ', 'นา', 'ว', 'รั', 'ต', 'น์', 'พ', 'ัด', 'ขน', '<r>', '[o]', '[k]', 'น', 'ก', '</r>', '\t', 'ทำ', 'เดิน', '<r>', '[o]', '[k]', 'ง', 'ก', '</r>', 'ง', 'ัน', 'มา', 'แล้ว', 'พา', '<r>', '[i]', 'ที', '</r>', '\n', 'ว่า', 'ดู', 'รา', 'สาม', 'ีน', 'าง', 'ผ', 'ี', '<r>', '[', 'U', 'a', ']', 'เสื้อ', '</r>', '\t', 'เป็น', 'หน', '่อ', '<r>', '[', 'U', 'a', ']', 'เนื้อ', '</r>', 'ก', 'ษ', 'ัต', 'ริ', 'ย์', 'ชาติ', 'ราช', '<r>', '[i]', 'สี', 'ห์', '</r>', '\n', 'อย่า', 'เผ', 'าศ', 'พน', 'าง', 'ย', 'ักษ', '์', 'ด้วย', 'อ', 'ั', 'ค', '<r>', '[i]', 'ค', 'ี', '</r>', '\t', 'ภัย', 'จะ', '<r>', '[i]', 'มี', '</r>', 'ถึง', 'กาย', 'ให้', 'ว', 'าย', '<r>', '[a]', '[n]', 'ปรา', 'ณ', '</r>', '\n']
/usr/local/lib/python3.11/dist-packages/peft/tuners/tuners_utils.py:550: UserWarning: Model with `tie_word_embeddings=True` and the tied_target_modules=['language_model.model.embed_tokens', 'language_model.lm_head'] are part of the adapter. This can lead to complications, for example when merging the adapter or converting your model to formats other than safetensors. See for example https://github.com/huggingface/peft/issues/2018.
  warnings.warn(
Unsloth: Making `base_model.model.vision_tower.vision_model` require gradients
base_model.model.language_model.model.embed_tokens.base_layer.weight False
base_model.model.language_model.model.embed_tokens.lora_embedding_A.default False
base_model.model.language_model.model.embed_tokens.lora_embedding_B.default False
base_model.model.language_model.lm_head.lora_A.default.weight True
base_model.model.language_model.lm_head.lora_B.default.weight True
['<klon8>', '▁ค', 'รา', 'นั้น', 'ท่าน', 'ยาย', 'บุ', 'ษ', '<r>', '[a]', 'บา', '</r>', '\t', 'ปล', 'อบ', 'ลูก', 'สาว', '<r>', '[a]', 'ว่า', '</r>', 'อย่า', 'สะ', '<r>', '[U]', '[n]', 'อ', 'ื้น', '</r>', '\n', 'พ่อ', 'แม่', 'ก็ได้', 'สั่ง', 'ไว', '้ย', 'ั่ง', '<r>', '[U]', '[n]', 'ยืน', '</r>', '\t', 'หม', '่อม', '<r>', '[U]', '[n]', 'หม', 'ื่น', '</r>', 'เ', 'ธ', 'อก', '็', 'รับ', 'ปฏิ', '<r>', '[a]', '[n]', 'ญา', 'ณ', '</r>', '\n', 'แต่', 'ใจ', 'แม่', 'นี้', 'ยัง', 'ก', 'ริ', '่ง', 'อยู่', 'สิ่ง', '<r>', '[U]', '[N]', 'หนึ่ง', '</r>', '\t', 'กล', 'ัว', 'จะ', '<r>', '[U]', '[N]', 'ห', 'ึง', '</r>', 'กัน', 'ว', 'ุ่น', 'ว', 'าย', 'อ', 'าย', 'ชาว', '<r>', '[a]', '[n]', 'บ้าน', '</r>', '\n', 'อัน', 'เม', 'ีย', 'สอง', 'ต้อง', 'ห', '้าม', 'ตาม', 'โบ', '<r>', '[a]', '[n]', 'รา', 'ณ', '</r>', '\t', 'เป็น', 'กับ', 'ใคร', 'ก็', 'ร', 'ำ', 'คา', 'ญ', 'ไม่', 'เว', '้น', '<r>', '[o]', '[n]', 'คน', '</r>', '\n', 'แม่', 'สอน', 'เจ้า', 'มา', 'แต', '่น', '้อย', 'กว่า', 'ร', '้อย', '<r>', '[a]', '[n]', 'พัน', '</r>', '\t', 'สุด', 'สำ', '<r>', '[a]', '[n]', 'คัญ', '</r>', 'แต่', 'เพียง', 'อด', 'นั้น', 'เป็น', '<r>', '[o]', '[n]', 'ต้น', '</r>', '\n', 'อย่า', 'ทำ', 'ช', 'ั่ว', 'เพราะ', 'ว่า', 'ตัว', 'ของ', 'ตัว', '<r>', '[o]', '[n]', 'จน', '</r>', '\t', 'เขา', 'เป', 'รีย', 'บ', 'เทียบ', 'จ', 'ง', 'ส', 'ู้', 'ท', 'น', 'ต้อง', 'เก', 'รง', '<r>', '[', 'ua', ']', 'กล', 'ัว', '</r>', '\n', 'ใคร', 'จะ', 'ด', '่า', 'เจ', 'าะ', 'จ', 'ัง', 'ก็', 'ช', 'ั่ง', '<r>', '[a]', '[w]', 'เขา', '</r>', '\t', 'จ', 'ง', 'อด', '<r>', '[a]', '[w]', 'เอา', '</r>', 'อย่า', 'สำ', 'อ', 'อย', 'ค', 'อย', 'ฟ', '้อง', '<r>', '[', 'ua', ']', 'ผ', 'ัว', '</r>', '\n', 'อัน', 'คน', 'ดี', 'นาน', 'ดอก', 'จึง', 'ออก', '<r>', '[', 'ua', ']', 'ตัว', '</r>', '\t', 'ถ้า', 'คน', '<r>', '[', 'ua', ']', 'ช', 'ั่ว', '</r>', 'เขา', 'คง', 'เห็น', 'เป็น', 'ไป', '<r>', '[e]', '[N]', 'เอง', '</r>', '\n']
GPU = NVIDIA RTX A5000. Max memory = 23.673 GB.
7.199 GB of memory reserved.
==((====))==  Unsloth - 2x faster free finetuning | Num GPUs used = 1
   \\   /|    Num examples = 9,970 | Num Epochs = 3 | Total steps = 1,872
O^O/ \_/ \    Batch size per device = 16 | Gradient accumulation steps = 1
\        /    Data Parallel GPUs = 1 | Total batch size (16 x 1 x 1) = 16
 "-____-"     Trainable parameters = 18,512,384/4,000,000,000 (0.46% trained)
`use_cache=True` is incompatible with gradient checkpointing. Setting `use_cache=False`.
Unsloth: Will smartly offload gradients to save VRAM!

=== Generating output at step 93 ===
Input: <klon8> จะรักน้อง
Output: <bos><klon8> จะรักน้องรักน้องกะจะจะจะจะรักนางรักนาง	ฉันทาพระราชนิเทศนาเสนาะให้ฟังได้ฟังได้ฟังได้ฟังหูได้หูได้หูได้หู	ฉันทาพระราชนิเทศนาเสนาะให้ฟังได้ฟังได้ฟังได้ฟังหูได้หูได้หูได้หู	นายพราหมณ์ทำท้วมงึกงักกึ่งเขินหวั่นหวั่นหวั่นหวั่น	พระองค์ยังไม่ทรงขรี่โกรธกว้างพ้องยื่นถอดอารมณ์คิดพินิจคิดพินิจคิดคิดตั้งพระเถรเสนา	นายพระราชนินทาคิดนึกในใจใจใจใจคิดว่าถ้าพี่จะหลอกนางจะได้ใจใจใจใจนางจะตามใจใจใจใจใจใจใจใจใจ	ก็ว่าอับหน้าใจใจใจใจใจให้หล่อราศรีใจใจใจใจใจใจใจใจใจใจ	ขอบใจพี่ว่าดีใจใจใจใจใจใจใจใจใจใจใจใจใจใจใจใจใจ	ถอนใจให้เสร็จคิดวิหารามิราคมที่ใจใจใจใจใจใจใจใจใจใจใจใจใจใจใจใจใจใจใจใจใจใจใจใจใจใจใจใจใจใจใจใจใจใจใจใจใจใจใจใจใจใจใจใจใจใจใจใจใจใจใจใจใจใจใจใจใจใจใจใจใจใจใจใจใจใจใจใจใจใจใจใจใจใจใจใจใจใจใจใจใจใจใจใจใจใจใจใจใจใจใจใจใจใจใจใจใจใจใจใจใจใจใจใจใจใจใจใจใจใจใจใจใจใจใจใจใจใจใจใจใจใจใจใจใจใจใจใจใจใจใจใจใจใจใจใจใจใจใจใจใจใจใจใจใจใจใจใจใจใจใจใจใจใจใจใจใจใจใจใจใจใจใจใจใจใจใจใจใจใจใจใจใจใจใจใจใจใจใจใจใจใจใจใจใจใจใจใจใจใจใจใจใจใจใจใจใจใจใจใจใจใจใจใจใจใจใจใจใจใจใจใจใจใจใจใจใจใจใจ
================================================================================

=== Generating output at step 186 ===
Input: <klon8> แต่ไม่มีกิ
Output: <bos><klon8> แต่ไม่มีกิริยาจะวีน<r>[O][w]เว้น</r>	จะร่าย</r>[O][w]เวทย์</r>ต้องเป็นถึง<r>[a][n]กัน</r>
เจ้าชู้ผู้โฉมคะนองยงยั่ง<r>[a][n]ยัน</r>	ใครขัด</r>[a][n]ขวาง</r>ได้คอยยั้งยั้ง<r>[a][เอ่ย</r>
ขืนเคียดค้างคิดติดหนักหน่วง</r>[a][j]ใจ</r>	ก็ต้อง<r>[a][j]ไป</r>เป็นคู่เพราะเป็น</r>[a][w]เจ้า</r>
ถึงแม่ยายที่แสนสงสาร<r>[a][w]แชว</r>	จะมา</r>[a][w]เล่น</r>เล่นไม่แกล้งแอบ</r>[a][w]แกว</r>
ผัวไปผลาญมาหาไม่</r>[a][w]เข้า</r>	จึงต้อง</r>[a][w]แล้ua[w]เอา</r>ใจสับ<r>[a]กล</r>
กูจะกลัวกลัวตัวกูไม่ติด</r>[a][w]เจ้า</r>	ให้ติด</r>[a][w]เข้า</r>ตัวไม่เคย</r></r>[o]ครร</r>
แล้วนางก็ไปสบงสมาต</r>[o][w]เซ<r>	เดินรำ<r>[o][w]เส<r>พฤษาไปบ่ยั่ง<r>[a][j]ไต่</r>
จนถึงประตูมหาเศก</r>[a][w]เขา</r>	บัด<r>[a][w]นี้<r>ข้าแกล้งกลั้นขวัญ</r>[a][u]รับ</r>
ไม่ขอเป็นผีเป็นผัวผก<r>[a][N]ผง</r>	ผก<r>[a][N]ผง</r>เปนขยะติดสะ</r>[i]ที</r>
คราวนี้ใครขวางให้คัด</r>[i]ตี<r>	เจ้า</r>[i]ที่</r>มาแก้หนาวว่าน</r>[a][j]ให้</r>
แต่จะกลัวกลัวตัวก็ไปติด<r>[O][k]บก</r>	ขืนติด</r>[O][k]อก<r>กลมกล้ำจะทำ</r>[a][j]ได้</r>
กูไม่กลัวก็ไปเล่นติด</r>[a][j]ใจ<r>	ขืนติด<r>[a][j]ใจ</r>กลมกล้ำจะทำ</r>[o][N]องค์</r>
จะหนาวแกล้งทำไม่แกล้งแอบ<r>[a][O]ผยอง</r>	มิใช่ไม่</r>[a][O]ควร</r>คอยแต่ที่</r>[o][N]ห้อง</r>
จะเอา
================================================================================

=== Generating output at step 279 ===
Input: <klon8> เป็นขาดญาติ
Output: <bos><klon8> เป็นขาดญาติพี่เลี้ยงหลงเกรง<r>[i][t]จิต</r>	มาต</r>[i][t]กิด</r>เป็นชายแต่หาย<r>[ia][N]เจียว</r>
ทำตามธรรมทำประสาให้สบาย<r>[ia][N]เคือง</r>	แม้นพี่</r>[ia][N]เอื้อน</r>ไปเป็นคู่ก็ไม่<r>[a][n]พัน</r>
จะไปไหนมาไหนมีแต่</r>[a][n]กำ<r>	จะพาลุก</r>[a][n]พลัน</r>ไม่แคล่ว<r>[a][j]คล่อง</r>
แม้นแสนสาหัสรัญจวนจะไป<r>[a][n]บ้าน</r>	มานี่<r>[a][n]จ๋า</r>จะซ้ำเมื่อช้า<r>[O]รอ</r>
จะรินน้ำคลายร้อนเป็นร้อน<r>[O]คอ</r>	จะทำ<r>[O]ต่อ</r>อารมณ์ให้ครั่น<r>[a][j]คร่ำ</r>
จึ่งเป็นสลัดหลุดลอยมาอ้อย<r>[a]ฉ่า</r>	ทั้งน้ำ<r>[a]คั่า</r>ข้าวเค็มเมื่อเหงื่อ<r>[a][j]ไหล</r>
เมื่อร้อนรอนอกอกร้อนจิตร<r>[a][j]ไข</r>	จะทำ<r>[a][j]ใจ</r>คางล้างเป็นมัน<r>[o][O]หนอ</r>
ที่บ้านไม่สบายไม่มี<r>[i]พี่</r>	ก็ย่อม</r>[i]มิ</r>ได้เป็นที่สงสาร<r>[o][n]โหย</r>
ถ้ามีพี่ที่ขัดสนเป็นท<r>[a][n]หาร</r>	ก็จะมี<r>[a][n]พาน</r>พึ่งพาเข้าพารา<r>[e][m]เพช</r>
ถึงวันหนึ่งเป็นวันจะคืน<r>[ia][j]เชย</r>	ถึงวัน<r>[ia][j]เลย</r>ล่วงจากจะแช</r>[e][m]เชม</r>
ถึงวันนั้นได้นึกประหนึ่ง<r>[e][m]เพศ</r>	ถึงวัน</r>[e][m]เณ<r>รินธารจะหลั่ง<r>[a]มา</r>
จะหลั่งน้ำสาดล้างให้คลาย<r>[a]คลา</r>	ถึงน้ำ<r>[a]พล่า</r>พรายคลาเลียไม่ให้<r>[a]แห<r>
ทั้งน้ำตาต้มพะร่องให้ชุ่ม<r>[a]หนำ</r>	ช้าค่อย<r>[a]อา<r>กาอุดจะหยุด<r>[a][j]ไม่</r>
เพราะจะไป
================================================================================

=== Generating output at step 372 ===
Input: <klon8> ชาวประโคมต่างประ
Output: <bos><klon8> ชาวประโคมต่างประชันประสานเสียงกลอง<r>[x][n]หนัง</r>	ชะง่อน<r>[x][n]แงน</r>เก่งดนตรีทำนอง<r>[a][j]ไป</r>
ต่างกลองใหญ่กลองเล็กบ้างดุก<r>[a][j]ไป</r>	ชวนกัง<r>[a][j]ไร</r>ห้ามกลองดงสัง<r>[a][w]เซาะ</r>
พวกโสภีทีกองละดึงดูด<r>[ua][N]วง</r>	ต่างแต่ง<r>[ua][N]กรอง</r>เกรียดสีใส่เข็ม<r>[a][w]ขวาว</r>
ถึงคนทิ้งเมืองยังเหลือบ้างเป็น<r>[a][w]สาว</r>	จะนับ<r>[a][w]ถือ</r>ถือเป็นสามร้อย<r>[a][n]พัน</r>
ด้วยสัตย์กษัตริย์อาลัยไม่นับ<r>[ua][N]นวล</r>	ที่ไป<r>[ua][N]มั่ง</r>มีเมียพอเป็น<r>[a][n]พัน</r>
เหล่าโฉมยงลงมาด้วยพา<r>[a][n]กัน</r>	ดูสำ<r>[a][n]คัญ</r>ว่าช่างเป็นเป็น<r>[a][m]งาม</r>
ต่างเขินอายพรั่งกันขึ้นบัล<r>[i]ดี</r>	บางหุ่น<r>[i]ขี้</r>ขลังวังเวงจะเลว<r>[a][m]งาม</r>
พวกกษัตริย์สุริยวงศ์กิ่งวงศ์<r>[a][m]ยาม</r>	จะลืม<r>[a][m]ความ</r>ชู้เมียไม่เวia[o]แซ</r>
ถึงเหล่าพราหมณ์ล้อมอยู่ประ<r>[o][p]ลบ</r>	ชี้หน้า<r>[o][p]อับ</r>อายอัธยาศัย<r>[O]ชะ</r>
เห็นมั่งมีเมียเป็นนับ<r>[O]ถือ</r>	ทำว่า<r>[O]ท้อ</r>ทูนจะชวนใจ<r>[O][n]นอน</r>
บ้างรำลั่นป่นปุ้มด้วยขุ่ม<r>[a][k]หมาก</r>	ร้องไก่<r>[a][k]นัก</r>ไก่กะเหลืองล้วนเจื้อย<r>[O][n]นอน</r>
บ้างมั่วลุ่มจุ่มด้วยมุละ<r>[O][n]นอน</r>	ถึงลุง<r>[O][n]กร่อน</r>ก็ลุกขึ้นนั่ง<r>[a][j]ไข</r>
ต้อง
================================================================================

=== Generating output at step 465 ===
Input: <klon8> ของเจ้าคุณขนเนื่อง
Output: <bos><klon8> ของเจ้าคุณขนเนื่องเถร<r>[a][n]ข่าน</r>	ยังไม่<r>[a][n]วุ่น</r>วิหกจะหัก<r>[a][j]ไหม้</r>
จะทำให้อกกระวายจนตาย<r>[a][j]ไป</r>	ก็เสียด<r>[a][j]ใจ</r>กลัวจะละเวง<r>[o][p]หลบ</r>
เพราะว่าตัวเจ้าคุณไม่เก่ง<r>[a][t]กัท</r>	ก็ยัง<r>[a][t]คัด</r>ขัดคั่งกระทั่ง<r>[o][p]รบ</r>
จึงเป็นเหตุถึงการปอง<r>[o][p]รบ</r>	ให้ม<r>[o][p]หม่น</r>แม่นใจไม่ไส<r>[a]ยา</r>
เป็นความเห็นแจ้งจิตคิดใน<r>[i][w]ชีว</r>	เมื่อครั้ง<r>[i][w]ผิว</r>เผ่าพงศ์วงศ์กระ<r>[a]หา</r>
ได้รบสู้กับอูฐซึ่งหิว<r>[a]กา</r>	เป็นไพร่<r>[a]พา</r>ไปทัพรับประ<r>[a][n]ทาน</r>
เจ้าคุณข่านขนห่วงใย<r>[o][p]ลบ</r>	กระบวน<r>[o][p]ทบ</r>ทัพหน้าก็ลา<r>[a][n]ลั่น</r>
เข้าประจญกับฝรั่งนั้นต่าง<r>[a][n]ฟัน</r>	เอาปืน<r>[a][n]ผ่าน</r>ขวิดอูฐเป็นหลุม<r>[a][N]หลาง</r>
เมื่อผัวพี่เป็นไพร่ไม่ปรา<r>[a][t]กาศ</r>	ก็กลัว<r>[a][t]บาด</r>ขวิดเสียจะเหี่ย<r>[a][N]หาง</r>
เป็นทุกข์ร้อนรำคาญในปัญ<r>[a][N]ญา</r>	แม่ยัง<r>[a][N]ห่าง</r>ห่วงน้องประคอง<r>[a][j]ไว้</r>
อย่าให้เกิดแต่ไร้เทียมพี่<r>[o][k]นึก</r>	ไม่เสีย<r>[o][k]ฝัก</r>ฟูมฟักก็ตก<r>[a][j]ใจ</r>
ซึ่งลูกเมียเสียด้วยตัวพ่อ<r>[a][j]ไวย</r>	มิ<r>[a][j]ให้</r>ใครเสียไปเป็นไร<r>[a]มา</r>
ถึงจะตายพลัดพรายเข้าป่าย<r>[x][N]แพง</r>	ก็ยัง<r>[x][N]แงง</r>เถลิงขาลับตาม<r>[a]หา</r>
แต่ตัวเม
================================================================================

=== Generating output at step 558 ===
Input: <klon8> พวกผู้ชายรายทาง
Output: <bos><klon8> พวกผู้ชายรายทางบังคน<r>[u][t]ขูด</r>	ดูระ<r>[u][t]บุร</r>หูหัวก็หนาว<r>[a][j]ไหว</r>
พอสางแสงกลางคืนที่หลีน<r>[a][j]ไป</r>	ก็ถอน<r>[a][j]ใจ</r>มดลูกกูเหลือ<r>[x][n]แค้น</r>
เพราะมันรื้อไปไหนได้ไม่<r>[a]ป่า</r>	ยัง<r>ร</r>ะหว่างกลางทางมันแงน<r>[x][n]แสน</r>
ก็ซุกซุ่มหลับหายใจในไ<r>[O][N]คอย</r>	ทั้งพ่อ<r>[x][n]แม่</r>เห็นไปก็ไม่<r>[a][j]ได้</r>
จึ่งคิดความตามสัญญามิใช่<r>[U][N]สิ่ง</r>	ว่าส<r>[u][N]ลุง</r>มันลอยไปอยู่ไ<r>[x][n]แมน</r>
แล้วรีบลาอ้ายเจ้าเล่าขึ้น<r>[a][j]ไป</r>	เห็นแต่<r>[a][j]ไพร</r>พุ่มไม้ไหว้พระ<r>[a]อาราม</r>
จึงเที่ยวตามกรมในป่า<r>[a]ระ</r>	เห็นที่<r>[o][p]พบ</r>สี่รอยอยู่กลาง<r>[a][j]ไพร</r>
กูคิดว่านายนั่นมันนอน<r>[a][p]หลับ</r>	จึงคิด<r>[a][p]จับ</r>ให้ลุกขึ้นกลอก<r>[a][j]ไป</r>
เห็นเป็นป่าถ้าหันมาหา<r>[a][j]ใคร</r>	ก็จะ<r>[a][j]ไป</r>เข้าตือมันไม่<r>[a][n]ทัน</r>
จึงขยั้นขันสินให้หอน<r>[x][n]แหน</r>	กูจะ<r>[x][n]แกล้น</r>กลิ้งตึงลงนุง<r>[a][n]ฟั้น</r>
แล้วกูเอาสินบวกใส่ไก่<r>[a][n]คัน</r>	จึ่งบิด<r>[a][n]พัน</r>ปัดสับได้หับ<r>[O]คลอ</r>
เป็นสิบห้าสิบหินเห็นเกิน<r>[a][N]กว่าง</r>	แล้วกลับ<r>[a][N]ยัง</r>กลับตามกรมไม่สม<r>[O]สอ</r>
กลับหาเหมิงเหิงไม่ทัน<r>[O]คลอ</r>	เห็นส<r>ลอ</r>ลอยพ้นแล้วแต่ไหน<r>[a]มา</r>
จึงจึ่งคิดอารมณ์ตามประ<r>[a]
================================================================================

=== Generating output at step 651 ===
Input: <klon8> แต่ท่านเจ้าคุณมหิ
Output: <bos><klon8> แต่ท่านเจ้าคุณมหิศมารถ<r>[a][n]นาถ</r>	พระบุ<r>[a][n]ราณ</r>ไสชาญหาญสง<r>[a]กา</r>
พระเลียบเรือน้อยไปที่ตำ<r>[a]รา</r>	มีสุ<r>[a]ถา</r>ราชการอัชฌา<r>[a][j]สัย</r>
ประหม่าแสนเข็ญใจไม่ไคล<r>[i]คี</r>	ต้องระ<r>[i]หี</r>หกแหละแหงนระทมระ<r>[a][j]ไหญ่</r>
ถึงปาโมกข์ไม่สามารถจะเป็น<r>[a][j]ใจ</r>	อันพระ<r>[a][j]ไส้</r>ปั่นป่วนยิ่งร้อน<r>[o][n]รน</r>
เจ้าประคุณหลวงไวยเสนา<r>[O][p]สอพ</r>	ก็เล่า<r>[O][p]ตอบ</r>ไปตามแต่คำพ<r>[o][n]หล</r>
พระองค์มีกรุณาจะพา<r>[o][n]พล</r>	เที่ยวล่วง<r>[o][n]ชล</r>ลอยไปสำราญ<r>[a][j]ใจ</r>
ไม่ชี้หน้าเวลาเพราะอา<r>[i][t]จิณ</r>	แต่บ่าย<r>[i][t]ปีท</r>เที่ยงเข้าเย็น<r>[a][j]ไหล</r>
มาถึงปากน้ำลำสะท้อนร่อนเรือ<r>[a][j]ไป</r>	พระเสด็จ<r>[a][j]ใจ</r>เดินธรณีขึ้นเชิง<r>[a][t]ลาด</r>
นั่งรอรถสุลาลีที่ลี<r>[a][p]ลับ</r>	ไปหา<r>[a][p]ทัพ</r>ไพร่พลที่กลุ<r>[a][t]ณาส</r>
ที่ข้างพระองค์ผู้หญิงนั้นลี<r>[a][t]ลาศ</r>	เห็นสุ<r>[a][t]หรทัย</r>ไพร่พลทั้งไพ<r>[i]รี</r>
ถึงโรงที่พระองค์นั่งตั้งอาสน์<r>[o][p]อภ</r>	ก็นั่ง<r>[o][p]นบ</r>นบนอบถ<r>[i]วี</r>
ฝ่ายพระองค์ทรงพระสรวลชวน<r>[i]ชี้</r>	อัศจรรย์นับ<r>[i]ที</r>นึกพรั่น<r>[a][j]ใจ</r>
เห็นพระยาแสนสุขพระสุริย์<r>[a]ฟ้า</r>	แสนสุ<r>[a]ภา</r>อุ่นใจไม่อา<r>[a][j]ลัย
================================================================================
/usr/local/lib/python3.11/dist-packages/peft/utils/save_and_load.py:220: UserWarning: Setting `save_embedding_layers` to `True` as embedding layers found in `target_modules`.
  warnings.warn("Setting `save_embedding_layers` to `True` as embedding layers found in `target_modules`.")

=== Generating output at step 744 ===
Input: <klon8> ถือพัดวาล
Output: <bos><klon8> ถือพัดวาลี่ใส่คีม<r>[o][m]หนม</r>	เป็นสอง<r>[o][m]สม</r>หวังให้พบ<r>[a]ฝา</r>
เข้าห้องนอนนัดกันให้ทัน<r>[a]มา</r>	จะ<r>[a]อา</r>ศรัยไม่ให้ใครเป็น<r>[ua]ตัว</r>
ฝ่ายพระนายแสนสุขสะบัด<r>[a][j]ไฟ</r>	คอยอยู่<r>[a][j]ใกล้</r>เตาแล้วมาประ<r>[ua]ชวร</r>
แสนดีใจจะได้เห็นกัน<r>[ua]วร</r>	จึง<r>[ua]พลอย</r>เปิดประตูดูกุ<r>[o][n]บน</r>
กุเวกอึ้งงงไม่รู้<r>[a]ว่า</r>	จึงอุ้ม<r>[a]มา</r>นึกว่ามีใคร<r>[o][n]ขน</r>
นี่พระนางนั่งหลับอยู่ทัน<r>[o][n]คน</r>	จึงอุ้ม<r>[o][n]ขึ้น</r>บนเตียงให้เคียง<r>[a][j]กาย</r>
ปลดกางเกงลงจากเกราะแตร<r>[a][t]ขวัญ</r>	ยัด<r>[a][t]หยัด</r>พับไว้ไม่ใกล้<r>[a][j]หลาย</r>
แล้วครางร้องรำพันเหมือนฟัน<r>[a][j]กราย</r>	แม่จะ<r>[a][j]ไป</r>ที่ไหนไปตาม<r>[a][n]กัน</r>
ข้าขวยเขินเมินมนต์ไม่ทัน<r>[a][j]ได้</r>	อ้อนวอน<r>[a][j]ใจ</r>พี่นางอย่าหึง<r>[a][n]หัน</r>
เจ้าพระยาชิดสนิทยิ่งนึก<r>[a][n]พลัน</r>	น้องรัก<r>[a][n]ฉัน</r>จึงข้ามจะตาม<r>[a][n]กัน</r>
เมื่อไรจะได้ผันผายกลับมา<r>[o][n]พ้น</r>	จะอยู่<r>[o][n]จน</r>วายใจให้อา<r>[a][n]สัญ</r>
แล้วถอนหางหางหางออกฉิว<r>[a][n]ครัน</r>	จะ<r>[a][n]พัน</r>หมี่ไข้ตายให้หวั่น<r>[a][j]ใจ</r>
ไม่คิดว่าแม่ข้ามจะตาม<r>[a][t]มาด</r>	จึงทน<r>[a][t]ชาติ</r>ไว้ให้สุดอดสู<r>[a][j]ไหว</r>
ต้องทิ้งทอดค่ำเช
================================================================================

=== Generating output at step 837 ===
Input: <klon8> เอาใส่หีบจีบจับ
Output: <bos><klon8> เอาใส่หีบจีบจับผูก<r>[a][w]เกล้า</r>	กอดจูบลูบ<r>[a][w]เขา</r>จนเช้า<r>[a][m]หลาม</r>
พอพระอาทิตย์ตะวันรุ่ง<r>[a][m]ยาม</r>	ก็ตื่น<r>[a][m]ตาม</r>เชษฐาไปมา<r>[a][j]ใน</r>
ด้วยพระองค์ทรงห่วงพระน้อง<r>[O][N]น้อง</r>	พึ่งทรง<r>[O][N]ท้อง</r>ตั้งฤดูแต่สอง<r>[a][j]ได้</r>
เชิญขึ้นคอรณนาวา<r>[a][j]ชัย</r>	พระจอม<r>[a][j]ไทย</r>แลนางบังคม<r>[o][N]ลง</r>
นั่งชมชวนกันเพลไม่เว้น<r>[i][w]ชิว</r>	จนจวน<r>[i][w]บิ</r>ณฑ์สิกขาขึ้นอา<r>[o][N]ศร</r>
สวดมนต์เปียกปิ่นพินิจ<r>[o][N]องค์</r>	ปลอบ<r>[o][N]น้อง</r>ว่าพรุ่งนี้เวลา<r>[a][j]บ่าย</r>
ให้หยุดเรือเหลือระวังระวัง<r>[a][t]สัตว์</r>	มา<r>[a][t]จัด</r>แจงจุณยับอยู่คับ<r>[a][j]ค่าย</r>
พระแกล้งห่วงน้องย่ำพระทัย<r>[a][j]วาย</r>	ให้โกร<r>[a][j]ธัย</r>โกรธพระน้อง<r>[ua][n]ควน</r>
นังจู่จี้ไตรตรองว่าน้อง<r>[O][U]หลอ</r>	ได้เป็น<r>[O][U]หมอ</r>ดื้อดันทนทุก<r>[ua][n]หมวน</r>
ไปยุ่งพะวงหวงขโมย<r>[ua][n]นวล</r>	คิดเอา<r>[ua][n]ด่วน</r>ดังคำนึงเห็นจริง<r>[a][j]ใจ</r>
พระอาญาว่าเจ้าช่างท้อ<r>[i][t]จิต</r>	คอยดู<r>[i][t]ผิด</r>พี่เถิดเป็นผัว<r>[a][j]ให้</r>
จะมาขัดคัดแคะกระแจะ<r>[a][j]ใจ</r>	ไปอา<r>[a][j]ลัย</r>ลูกน้อยให้คอย<r>[O][N]น้อง</r>
ไม่ปรึกษากะทดคำนึง<r>[i][N]ยิ่ง</r>	จะทำ<r>[i][N]นิ่ง</r>ไม่ให้
================================================================================

=== Generating output at step 930 ===
Input: <klon8> เปลื้องเครื่องเยื้องย่องลง
Output: <bos><klon8> เปลื้องเครื่องเยื้องย่องลงจาก<r>[u]รถ</r>	ขึ้น<r>[u]ขุน</r>ช้างพร้อมพรักบัดนี้<r>[a][j]ได้</r>
ไม่วุ่นวายพลอยไปในไพรระ<r>[a][j]ไร้</r>	ขึ้นบน<r>[a][j]ไพร</r>ไพร่นายให้วาย<r>[a][m]ความ</r>
ขึ้นเรือนใหญ่ได้ที่นั่ง<r>[a][N]นั่ง</r>	สั่ง<r>[a][N]สั่ง</r>คนบ้านระวังระ<r>[a][m]ขาม</r>
พวกทหารขานพลบมาพร้อม<r>[a][m]ความ</r>	ถึง<r>[a][m]ค่ำ</r>ค่ำแล้วก็แว่ว<r>[a][j]ไป</r>
พี่เลี้ยงนั่งร้องเรียกคนเริง<r>[o][t]โหมด</r>	ฟังล้วน<r>[o][t]โบสถ์</r>เสียงทัพขับสะ<r>[a][j]ใส</r>
พระบิตุรงค์องค์ละเวงแช่งคน<r>[a][j]ไพร่</r>	ให้กวาด<r>[a][j]ไฟ</r>พลางผันแล่นหลีก<r>[a][k]คาก</r>
ขึ้นบนหลังช้างไพร้อย่างไพร่<r>[o][m]โหด</r>	ถึงบ้าน<r>[o][m]โหมด</r>มืดชลาอัค<r>[a][k]คาก</r>
พระพี่เลี้ยงเครื่องยาพาหมา<r>[a][k]ลาก</r>	ลงจอด<r>[a][k]ตาก</r>ท้ายนาในรา<r>[i]ตรี</r>
ค่ำพระจันทร์หันดูคลุ้มฉ<r>[u][t]วุต</r>	ระ<r>[u][t]ยุทธ์</r>นั่นนี่ในคิ<r>[i][t]รี</r>
ท่านพุ่มพวงสุมงคลใส่ธง<r>[i][t]ยิด</r>	แหลมเหลี่ยม<r>[i][t]ทิศ</r>ทั้งด้านให้หลาน<r>[a][n]หลาน</r>
ขึ้นบนหลังช้างม้าพราหมณ์ชำ<r>[a]ระ</r>	เสียงสำ<r>[a][n]ราญ</r>ร้องกรุงก้องกัง<r>[a][n]วาน</r>
คนเรือนบ้านช้างคลาพลา<r>[a][n]ลาน</r>	ไปลอย<r>[a][n]หลาน</r>ลมคลื่นกลืนไพร<r>[a][j]ทราย</r>
เข้าเรือนพราหมณ์นามสิงห์ที่
================================================================================

=== Generating output at step 1023 ===
Input: <klon8> ค่อยบันเทาเบาอุ
Output: <bos><klon8> ค่อยบันเทาเบาอุราไปฉา<r>[i][n]บิน</r>	พอให้<r>[i][n]กิน</r>รันทดที่ขาด<r>[ia][N]เลี้ยง</r>
แกล้งเบือนบิดผิดจริงทุกสิ่ง<r>[ia][N]เวียง</r>	เหมือนหนึ่ง<r>[ia][N]เคียง</r>กับปลาช่อนชอ<r>[o][n]ชล</r>
แม้นสู้ศึกชำนาญการสง<r>[a][m]คราม</r>	คงสู้<r>[a][m]ตาม</r>ตายด้วยกันเหมือนกัน<r>[o][n]หงส์</r>
ทั้งคู่ลือชื่อดีจริง<r>[o][n]คน</r>	ใครไม่<r>[o][n]ปน</r>คงจะลืมไม่ก้ม<r>[a][j]กาย</r>
เห็นแต่ตัวว่ายผันผัน<r>[a][t]ตัด</r>	ถึงต้อง<r>[a][t]บาด</r>บังสาสถิตถ<r>[a][j]ศัย</r>
ก็มิควรทำสัญญาสุจริต<r>[a][j]ใจ</r>	ดังล้าง<r>[a][j]อาย</r>หญิงที่นางรัก<r>[x]แท้</r>
แม้นสู้รักอักนิษฐานะจำ<r>[a][j]หน่าย</r>	จงผัน<r>[a][j]ผาย</r>ปล่อยทิ้งเสียทั้ง<r>[x]แม่</r>
จะเสร็จกรรมจอมขวัญนางวัณ<r>[x]แห</r>	ถึงตาย<r>[x]แท้</r>จะปลูกฝังเป็นลำ<r>[a][j]ไม้</r>
เป็นไรย่อยยับสิ้นทั้งผี<r>[a][w]ขาว</r>	พระจงทูลสุนทรให้แม่ไม่ม้วย<r>[a][j]ไส้</r>
แม่จะรั้งร้างจากพระลูก<r>[a][j]ใจ</r>	จึงไม่<r>[a][j]ได้</r>ร่วมสวาทประภาษ<r>[i][n]ทิน</r>
แต่บั้นปลายไปไม่สมอารมณ์<r>[i][t]คิด</r>	จะสูญ<r>[i][t]จิต</r>สิ้นทิพสนธ<r>[i][n]ยีน</r>
ขอว่าไปเถิดพระเจ้าจงว่า<r>[i][n]ทิน</r>	จะพิเคราะห์เลิศ<r>[i][n]ยิน</r>จนสิ้น<r>[a][n]วัน</r>
จะรอรับจับคู่ประจักษ์<r>[a][t]ญาติ</r>	หรือจะ<r>[a][t]ชาติ</r>คีตสินธุ
================================================================================

=== Generating output at step 1116 ===
Input: <klon8> ที่พูดกับ
Output: <bos><klon8> ที่พูดกับปักษีชี้ประ<r>[a][n]จาน</r>	ไม่เห็น<r>[a][n]หลาน</r>หลานเล็กกระสัน<r>[a][j]ได้</r>
ซึ่งนางกวานนั้นลากลับไปอัง<r>[a][j]กัย</r>	ดูโศก<r>[a][j]ใจ</r>เสียแล้วไม่เหมือน<r>[a][n]กัน</r>
พลางยิ้มแย้มแกล้งพ้อให้ก้อง<r>[a][n]กั้น</r>	อภิ<r>[a][n]วัน</r>ว่าแม่อย่าหมอง<r>[a][n]ฉัน</r>
นี่เป็นชายหมายมากว่าปัก<r>[a][n]ศร</r>	ทำไม<r>[a][n]วัน</r>ทราให้น้อง<r>[i][t]คิด</r>
ด้วยเจ็บใจไม่ค่อยสบสะดวก<r>[i][N]ยิ่ง</r>	ถึงคิด<r>[i][N]จริง</r>เจตนามาว่า<r>[i][t]ผิด</r>
เพราะวันทาว่าน้องหมองไม่ชม<r>[i][t]ชิด</r>	จึงทิ้ง<r>[i][t]จิต</r>แล้วก็ไปไกลนิ<r>[a]ทรา</r>
ถ้าวันทาว่าไม่เห็นเป็นมุ<r>[U]สี่</r>	ด้วยประ<r>[U]ลื้อ</r>คนหนึ่งไม่เป็น<r>[a]ข้า</r>
มิใช่พ่อพลายงามตามมาร<r>[a]ยา</r>	มาขอ<r>[a]ฝ่า</r>บาทบงสุ์ให้ปัก<r>[a][j]ศร</r>
พึ่งตั้งแต่นี้เป็นผู้หญิง<r>[a][p]นับ</r>	ต้องคิด<r>[a][p]หยาบ</r>ขานว่าสี่ประ<r>[a][j]ศรัย</r>
ยังไม่เต็มที่ที่ตัวมากลัว<r>[a][j]ใจ</r>	มันไม่<r>[a][j]ให้</r>ชื่นชมทำทราม<r>[o][t]ยศ</r>
ยังไม่จริงจงมาพูดจา<r>[u]สู้</r>	ไม่เห็น<r>[u]อยู่</r>เสียเลยหรือเจ้าวัน<r>[o][t]ทศ</r>
มาเที่ยวชมแต่คนไม่กลัว<r>[o][t]อด</r>	ไม่รวน<r>[o][t]รด</r>รังเกียจแล้วเจ๊<r>[O][N]คอง</r>
ที่พูดกับเขาเฝ้าทำขัด<r>[a][j]ใจ</r>	ใครจะ<r>[a][j]ได้</r>ฟังเล่าเป็นรา<r>[O][N]หง</r>
ถ้าพูดจริงสิ่งไรให้ได้
================================================================================

=== Generating output at step 1209 ===
Input: <klon8> ขนงเนตรเกศ
Output: <bos><klon8> ขนงเนตรเกศาของพี่<r>[O][j]น้อย</r>	เหมือนกับ<r>[O][j]ร้อย</r>ธงรบเป็นหลบ<r>[a]หลา</r>
แม้กุมารมารดามี<r>[a]ยา</r>	ได้<r>[a]ประ</r>สาทชวดโชตวิบัต<r>[i]ดี</r>
จะทำนองอย่างไรไม่ไหว้<r>[o][n]คน</r>	มันจะ<r>[o][n]ปน</r>ผีสางเข้ากลาง<r>[i]ที่</r>
จนผ่อนล่วงถึงรุ่งจงคลา<r>[i]ลี</r>	หนีไป<r>[i]ที</r>หนตำบลในป่า<r>[a][j]ชัฏ</r>
แล้วก็จากยานการะเวก<r>[i][t]หญิง</r>	ลงเดิน<r>[i][t]ดิ่ง</r>ตามป่าสิขวง<r>[a][j]หล้า</r>
เห็นแต่สัตว์บัดเหม็นเป็นเหนิ่น<r>[a][j]ใน</r>	ระหวย<r>[a][j]ใจ</r>ทิ้งนางร้องอ้าย<r>[u][n]อุน</r>
เสียงสัประยุทธ์พลุ่งพลุ่ง<r>[U][m]ตึ้ม</r>	สะท้าน<r>[U][m]ลึ้ม</r>หลั่งมูกนองน้ำ<r>[u][n]นุ่น</r>
น้ำตาหยดซดเกาะเมาลี<r>[u][n]มุน</r>	จมูก<r>[u][n]ดุน</r>โดนกระหม่อมที่จม<r>[a][n]ชัน</r>
จืดจางทางกลางเวหาเวส<r>[a]นา</r>	เที่ยวหลีก<r>[a]ลา</r>ลิ่วลัดมัดหัท<r>[a][n]ยาน</r>
ข้ามธารน้ำลำแม่น้ำ<r>[a][n]ธาร</r>	ชล<r>[a][n]ธาร</r>เย็นยะมาน<r>[a][j]กาย</r>
ถึงข้างชลาทวีปนิเวศน์<r>[a][n]พาน</r>	สลับ<r>[a][n]ส่าน</r>ไม้ป่าเสลา<r>[a][j]หงาย</r>
ทิพกรกรุงไกรไคลขวาน<r>[a][j]นาย</r>	ต้นยาง<r>[a][j]ราย</r>เป็นป่าพฤกษา<r>[a][m]คราม</r>
ดูเป็นแผงแถวไม้ดังใส่<r>[O][m]กล่อม</r>	เห็นตึก<r>[O][m]ล้อม</r>สล้าง
================================================================================

=== Generating output at step 1302 ===
Input: <klon8> ยับยั้งนั่งพุ่มกระ
Output: <bos><klon8> ยับยั้งนั่งพุ่มกระถาง<r>[O][N]หอม</r>	หอมดอก<r>[O][N]น้อง</r>หวังร่วงในดวง<r>[a][m]หมาม</r>
ดอกกลิ่นดาลหายู้ชู้แล้วบัด<r>[a][m]ดาร</r>	มาเยื้องยิ้มพริ้ม<r>[a][m]พราย</r>จนปลาย<r>[o][N]ดง</r>
เห็นเสือโคร่งร้องด่าก็กล้า<r>[a][k]มาก</r>	มันพินิจพิศ<r>[a][k]พักตร์</r>ไม่หลีก<r>[o][N]หลง</r>
นางสาวสาวพาเดินดงตะ<r>[o][N]บง</r>	ขอบวง<r>[o][N]วง</r>ห่วงน้องของพง<r>[i]พี</r>
จะจูงมือหล่อนละไมไปใน<r>[o][N]ดง</r>	พอ<r>[o][N]หน่ง</r>หน่งก็เกศปะกนด<r>[i]ศรี</r>
เห็นเขาห้าพี่เลี้ยงเดินส<r>นิท</r>	นางไม่<r>[i]ขี</r>ลีขัดขึ้นคัด<r>[O]คอ</r>
มาตรงห้าพี่เลี้ยงค่อยเคียง<r>[a][N]ข้าง</r>	พี่<r>[a][N]นาง</r>จูงย่างกระหวัด<r>[O]หนอ</r>
พอเจ้าพลายสายสวาทเข้าชำ<r>[O]เลาะ</r>	กอดน้อง<r>[O]เคาะ</r>จูบสองสองด้วย<r>[a][j]ใจ</r>
เห็นชายชายร้ายรังเกียจกริ่ง<r>[a][t]กาต</r>	เห็นปัก<r>[a][t]บาท</r>บิณฑ์ช่างก็คราง<r>[a][j]ไห้</r>
เจ้าพลายเอ๋ยเหมือนดังดวงดอกหอม<r>[a][j]ไทร</r>	มาให้<r>[a][j]ใกล่</r>กลืนกลิ่นให้ชื่น<r>[a][j]ใจ</r>
ช่างพูดจาหาบดีไม่หยี<r>[a][k]หัก</r>	โอ้พี่<r>[a][k]รัก</r>รักฉันเป็นที่<r>[a][j]ไหน</r>
พิมแก้มจูบพิมแล้วพิม<r>[a][j]ไป</r>	สาย<r>[a][j]ใจ</r>หักลงจากสองก<r>[a][t]ษัตริย์</r>
พิมนวลปลอบลูบเจ้าสาย<r>[O][N]
================================================================================
/usr/local/lib/python3.11/dist-packages/peft/utils/save_and_load.py:220: UserWarning: Setting `save_embedding_layers` to `True` as embedding layers found in `target_modules`.
  warnings.warn("Setting `save_embedding_layers` to `True` as embedding layers found in `target_modules`.")

=== Generating output at step 1395 ===
Input: <klon8> ขุนไกรได้
Output: <bos><klon8> ขุนไกรได้ฟังแกล้งว่า<r>[a][w]เจ้า</r>	ข้าขี้<r>[a][w]เบื่อ</r>จะมาหึงขี้คร้าน<r>[U][N]ยื่ง</r>
พูดเสียให้มันดูเอาผู้<r>[U][N]หญิง</r>	ที่เขา<r>[U][N]อึง</r>เอิบเอ๋ยเห็นเหงื่อ<r>[o]โซ</r>
มิใช่เด็กเป็นใหญ่ไม่ใจ<r>[a][N]จาง</r>	ก็เก่ง<r>[a][N]อย่าง</r>เจ้าไม่สู้ดูดี<r>[o]โหล</r>
พาลดุด่าทอดเสียไม่เชื่อ<r>[o]โอ้</r>	จะทูล<r>[o]โจ้</r>มิได้ก็ไม่ฟัง<r>[a][j]นาย</r>
จะช้าอยู่อย่างนี้ทำไม<r>[a][N]ช่าง</r>	ฤๅจะ<r>[a][N]ล้าง</r>เสียให้สิ้นบ้านพลัด<r>[a][j]หมาย</r>
ไปเป็นเกณฑ์เบื้องหน้าธา<r>[a][j]นัย</r>	ไม่<r>[a][j]ไว้</r>ให้เจ้าเป็นหงส์<r>[ia][N]เถียง</r>
ขืนอยู่ให้ลูกเมียมันป<r>ล้น</r>	กลัวพ่อจะ<r>[O]ส</r>ลอนทูลขอ<r>[ia][N]เสียง</r>
ถึงเจ้าจะขอไปก็ไม่<r>[ia][N]เกี่ยง</r>	เพราะพ่อ<r>[ia][N]เลี้ยง</r>เลี้ยงมาแต่<r>[a][j]ไร</r>
ถ้าไม่อยากผูกรักพากัน<r>[u][t]สูด</r>	จะหนี<r>[u][t]ขูด</r>ไปเชียงอินท์ให้จบ<r>[a][j]หาย</r>
มิฟังฟังจะเอาโทษถึงเค<r>[a][j]ราย</r>	อย่าหลง<r>[a][j]อาย</r>เลยเป็นมึงอย่าปลิด<r>[a][n]พลัน</r>
จงตรองตรึกตรึกเอาเถิดนะ<r>[O]พ่อ</r>	มิ<r>[O]สอ</r>รอให้สิ้นเถิดจริง<r>[a][n]ฉัน</r>
เจ้าพราหมณ์ฟังเห็นได้ดังใจ<r>[a][n]พลัน</r>	จึงว่า<r>[a][n]ขวัญ</r>ข้านี้จะตี<r>[a]ลา</r>
ไปทูลขอเชียงอินท์ได้ทำ<r>[a][j]ไม</r>	แม่มึง<r>[a][j]ให้</r>ไปแล้วล่ะแคล้ว<r>[a]ค
================================================================================

=== Generating output at step 1488 ===
Input: <klon8> จะตอบต่อ
Output: <bos><klon8> จะตอบต่อย่อหนุนให้บรร<r>[a][w]เทา</r>	ดูเชิง<r>[a][w]เข้า</r>ด่านทองของน้อง<r>[ua][N]หลวง</r>
แม้นเห็นแก้วแววว่าสาร<r>[ua][N]พวุ</r>	ถึงด่าน<r>[ua][N]ล่วง</r>ถึงด่านก็สาน<r>[O][n]ดอน</r>
จึ่งนึกว่าถ้าวันทองจำจะ<r>[i]หนี</r>	ชะม้อย<r>[i]ดี</r>ก็ช้าอยู่หน่อย<r>[O][n]ก่อน</r>
ไม่หลีกลีบสู้เข้าในลำเนา<r>[O][n]ดอน</r>	ได้<r>[O][n]นอน</r>พินิจดูดูดวง<r>[a][j]ใจ</r>
สิบปีล่วงไปถ้าแม้น<r>[O][j]น้อย</r>	นางจะ<r>[O][j]พลอย</r>หลงเสน่ห์แก่เณร<r>[a][j]ใหญ่</r>
เมื่อดื้อดึงลืมดีสัจจา<r>[a][j]ไป</r>	ไม่รู้<r>[a][j]ใคร่</r>ไปเฝ้าแล้วท้อ<r>[@][n]เดิน</r>
ขุนช้างจะลอบเอาศพ<r>[O][N]ทอง</r>	ค่อน<r>[O][N]คอง</r>จะเสียไม่ส<r>[a][n]มาน</r>
ที่ตายตัวกลัวก็ช้านี้วัน<r>[@][n]เพลิน</r>	แม้นเหมือน<r>[@][n]เช่น</r>ที่ว่ามาวัน<r>[U][n]คืน</r>
นางจะหลงเชิญพระน้องเข้าห้อง<r>[x][N]แขวง</r>	ชิงเอา<r>[x][N]แสง</r>สุริยันพลับพลา<r>[U][n]พื้น</r>
ขุนช้างจะเห็นว่าดวง<r>[U][n]ชื่น</r>	สู้เข้า<r>[U][n]ตื่น</r>ไปหาช่วยรา<r>[i]วี</r>
จะพาขึ้นปรางค์มาข้าง<r>[ia][w]เดียว</r>	เป็นส<r>[ia][w]เปื้อย</r>แล้วจะมีชีวา<r>[i]ผี</r>
จะสู้กันหันหน้าสู้ตา<r>[i]ปี</r>	ถึงจะ<r>[i]มี</r>กษัตริย์รบ<r>[x][n]แท่น</r>
สู้ต้านทานผลาญชีวา<r>[a][j]ตาย</r>	ถึงจะ<r>[a][j]หาย</r>
================================================================================

=== Generating output at step 1581 ===
Input: <klon8> พอผู้ถือหนังสือ
Output: <bos><klon8> พอผู้ถือหนังสือส่งมา<r>[a][w]เฝ้า</r>	ว่าองค์<r>[a][w]เจ้า</r>กษัตริย์สยามทรามส<r>งวน</r>
ให้เสนาลาลีกับสี<r>[a]กา</r>	รีบมา<r>[a]หา</r>อยู่ริมท่าชลา<r>[a][n]ลั่น</r>
ไม่นัดนายหลายคนด้วยกลัว<r>[a][k]รัก</r>	จะวุ่น<r>[a][k]วัก</r>เวียนไปในไพรระ<r>[a][n]หัน</r>
จึงมาส่งสองกษัตริย์ด้วยหัส<r>[a][n]กัน</r>	สององค์<r>[a][n]นั่น</r>ถือหนังสือไปห้อง<r>[a][N]นาง</r>
พอเสนาลาลีปรีดิ์เปรม<r>[a][t]ปัด</r>	กับเสนา<r>[a][t]หัส</r>กันจึ่งนำไป<r>[a][N]กลาง</r>
ถึงทางขวางกลางป่าพอค่ำ<r>[a][N]พลาง</r>	ถึงห้อง<r>[a][N]นาง</r>ย่างย่องสองกรุง<r>[i]ศรี</r>
กษัตริย์สยามสามิภักดิ์ถวาย<r>[a][t]ราช</r>	ขึ้นเสงี่ยม<r>[a][t]กราด</r>อยู่หอพอค่ำ<r>[i]ศรี</r>
นางสาวทรามกษัตริย์คิดเกรง<r>[i]มี</r>	ก็แจ้ง<r>[i]ที่</r>ว่าเจ้าสามิภัก<r>[a][j]ไป</r>
เห็นอ้างว้างกลางป่าชลา<r>[o][n]หน</r>	สงสาร<r>[o][n]ทน</r>จนกระษัตริย์ไปพลัด<r>[a][j]ไพร</r>
จะเสียเวลาไปนานครันกัล<r>[a][j]ไย</r>	ให้สม<r>[a][j]ใจ</r>จงไปส่งถึงธา<r>[i]นี</r>
อย่าเพ่ออยู่จึงให้ลาไปหา<r>[e][t]เสด็จ</r>	อย่าเป็น<r>[e][t]เหตุ</r>ให้เขาจะเสียขวัญ<r>[i]พี่</r>
แม้นกลับมาเราจะรักเหมือนศักดิ<r>[i]ณี</r>	ทั้งสอง<r>[i]ศรี</r>สืบพันธุ์เหมือนยัน<r>[a][n]ทราน</r>
กษัตริ<klon8>[o][m]กรม</r>ชราไม่วายหวั่น<r>[a][n]หวั่น</r>	จะกลับ<r>[a]
================================================================================

=== Generating output at step 1674 ===
Input: <klon8> ออกตลาดนาดกรายเที่ยว
Output: <bos><klon8> ออกตลาดนาดกรายเที่ยวหา<r>[ia][w]เกี้ยว</r>	จนถึง<r>[ia][w]เหงื่อ</r>ออกคิ้วเห็นทิว<r>[a]หา</r>
เที่ยวเรียกลูกจั๊กกะจ้อทุกอ<r>[a]ดา</r>	ว่าย้อย<r>[a]มา</r>จากห้องจะร้อง<r>[U]อือ</r>
เที่ยวหาเสียงหญิงหญิงล้วนรำ<r>[a][n]พัน</r>	แล้วหา<r>[a][n]ฟัน</r>ปลาใหญ่ได้เต็ม<r>[U]มือ</r>
ออกเรือขึ้นปลดปลงในทัน<r>[U]ตอ</r>	มาเมือง<r>[U]อือ</r>อื้ออึงเสียงมึง<r>[a][n]ครัน</r>
เที่ยวเชือนเฝือเปล่าอารมณ์ไม่ชม<r>[O][t]พลอด</r>	เที่ยวทำ<r>[O][t]ยอด</r>เยื้องย่างไปตาม<r>[a][n]ถนน</r>
ดูคนเรือเหนื่อยนักแต่กลับ<r>[a][n]วัน</r>	ถึงปาก<r>[a][n]นั่น</r>นิ่งสนทนา<r>[a][j]ไป</r>
แล้วรีบไสช้างเข้าห้องถึงข้าง<r>[a][j]ใน</r>	เที่ยวชม<r>[a][j]ใบ</r>เภาแขมแลแฉล้ม<r>[a][j]ไม้</r>
ริมฝั่งฟ้าน่านิยมชิมส้ม<r>[a][j]ไช</r>	มีรส<r>[a][j]ได้</r>ส้มตำย่านลำ<r>[a][N]พัง</r>
แต่ส้มย่านนั้นไม่ได้อุตส่าห์<r>[O][j]ถอย</r>	ออกเที่ยว<r>[O][j]สอย</r>ส้มไทยหลายใบ<r>[a][N]หลัง</r>
ที่เค้าสีซีดซากว่าหมาง<r>[a][N]ชัง</r>	เที่ยวเดิน<r>[a][N]นั่ง</r>ไม่คิดจิตคิดถ<r>[i][n]วิล</r>
เที่ยวทำขุนไกรชื่นสำราญ<r>[a][p]รับ</r>	เที่ยวเดิน<r>[a][p]ทัพ</r>ทุ่มล่วงจรจ<r>[i][n]รัล</r>
เที่ยวเที่ยวเหนื่อยเบื่อใจไม่ใคร่<r>[i][n]กิน</r>	เที่ยวเที่ยว<r>[i][n]สิ้น</r>รสปรีดิ์เปรม<r>[a][j]ใจ</r>
เที่ยวเที่ยวเหนื่อยเบื่อกลัวหนาว<r>[O][m]ค่อม</r>	เที่ยวเที่ยว<r>[O][m]ตรอม</r>ทุ่มร้อนฤ
================================================================================

=== Generating output at step 1767 ===
Input: <klon8> แค้นจิตที่
Output: <bos><klon8> แค้นจิตที่พระองค์ดำรง<r>[e][k]เด็ก</r>	จะโปรด<r>[e][k]เด็ก</r>แล้วโปรดตัวอีฉัตร<r>[a][j]ไหม</r>
จะว่าไรไยไม่ลามาพา<r>[a][j]ไป</r>	เอะอะ<r>[a][j]ไม่</r>ทักทายถวาย<r>[a][n]วัน</r>
จะขังอยู่ในห้องให้หมอง<r>[i][t]จิต</r>	ช่างทำ<r>[i][t]ผิด</r>ทุกสิ่งทุกอย่าง<r>[a][n]หลั่น</r>
นัยน์ตาแฝงแกล้งกันมาแต่<r>[a][n]วัน</r>	ก็ไม่<r>[a][n]ทัน</r>จะแกล้งได้ให้ล่วง<r>[a][j]ไป</r>
แล้วชักผ้ามาบังข้างหนุน<r>[o][t]โกรธ</r>	เสียง<r>[o][t]โบสถ์</r>ร้องเพลงกระเบื้อง<r>[a][j]ไหว</r>
แต่พอหุงต้มอู้อยู่ได้ปะ<r>[a][j]ใบ</r>	เฝ้าแต่<r>[a][j]ให้</r>หมองศรีอยู่ดี<r>[a][j]ร้าย</r>
ทำเป็นว่าไม่แคล้วให้เหี่ยว<r>[a][m]หง่อม</r>	จะกลับ<r>[a][m]กลั้ม</r>กลืนกลิ้งอยู่ถึง<r>[a][j]ไหน</r>
ถ้าขืนนิ่งนึกคิดจิตผิดถ<r>[a][j]วาย</r>	เมื่อพระ<r>[a][j]ม่าย</r>ผูกผมให้ผม<r>[a]มา</r>
จะนุ่งน้อยร้อยเล่มกระหมวด<r>[i][t]ชิด</r>	ทำหงับ<r>[i][t]งิด</r>กระเหม่าอย่าเข้า<r>[a]หา</r>
ให้หม่อมใช้ไปหักมัดพันมา<r>[a]มา</r>	แล้วห่ม<r>[a]ผ้า</r>ชูชกให้ยกรัก<r>[a]ษา</r>
แกล้งร้องเรียกไปที่ข้างใน<r>[O][n]ก่อน</r>	อย่าไป<r>[O][n]ก่อน</r>เลยจะถวายดอกสาย<r>[a]ส่าห์</r>
ถ้าจะตามมาถามให้หลาน<r>[a]มา</r>	ก็ไม่<r>[a]ว่า</r>ไม่ส่งให้ทรง<r>[i][N]จริง</r>
แล้วร้องสั่งสององค์พระน้อง<r>[a][k]รัก</r>	เอา<r>[a][k]ทัก</r>ทายให้แม่เห็นแน่<r>[i][N]หญิง</r>
อย่าโกร
================================================================================

=== Generating output at step 1860 ===
Input: <klon8> เป็นแว่นแคว้นแดน
Output: <bos><klon8> เป็นแว่นแคว้นแดนสิงห์จงอยู่<r>[ua][j]ด้วย</r>	จนเว<r>[ua][j]ลัย</r>ลับองค์พระทรง<r>[u][t]ยุทธ์</r>
ซึ่งมีบุญปัญญาทั้งกาญจน์บุ<r>[u][t]รุษ</r>	ได้อุป<r>[u][t]ลุพ</r>ยุคเข็ญเป็นส<r>[a][j]บาย</r>
ไปสู่สวรรค์ชั้นแก้วแววส<r>[O][n]มร</r>	จงถ<r>[O][n]วร</r>ร่วมบุญทุกคืน<r>[a][j]คราว</r>
ขอฝ่าละอองบุญทุกตำ<r>[a][j]ราย</r>	ส<r>ถ</r>ารักษาสองมณี<r>[a][j]ใน</r>
ให้สมหวังดังใจที่ป<r>รารถนา</r>	มิได้<r>[a]อา</r>ลักษณ์เสียเลย<r>[a][j]ได้</r>
พรุ่งนี้เช้าเข้าลำกำ<r>[a][j]พาย</r>	ให้มี<r>[a][j]ชัย</r>ปรากฏบท<r>[o][N]ตรง</r>
นึกพลางทางอ่านคา<r>[a]ถา</r>	แล้วหลับ<r>[a]ตา</r>กลิ้งกลมลงยม<r>[o][N]หงส์</r>
พ้นไตรตรึงตรึงษาก็หาย<r>[o][N]ทรง</r>	ขึ้นสถิตเขต<r>[o][N]คง</r>ในปราสาท<r>[ia][N]เรียง</r>
เหมือนอยู่บนเรือนั่งในทิ<r>วี</r>	ส<r>[O][n]ลอน</r>ชื่นบานพานสำราญ<r>[ia][N]เสียง</r>
ฝรั่งจีนพินิจเห็นนิ่ง<r>[ia][N]เนือง</r>	ก็ไม่<r>[ia][N]เคือง</r>ขัดข้อประการ<r>[a][n]ใด</r>
จนสว่างแจ้งแสงสุริ<r>[a][t]ยาตร์</r>	ก็ฟื้น<r>[a][t]ฟาด</r>สมคิดกับฤๅ<r>[a][n]ษี</r>
เห็นสัตตบรรพบริวาสังขา<r>[a][n]การ</r>	นิมนต์<r>[a][n]ทาน</r>ข้าวปลาอัชฌา<r>[a][j]สัย</r>
ที่นอนอานอาสน์ชำระ<r>[i][k]ลึก</r>	ด้วยประ<r>[i][k]ดิษฐ์</r>ดาบสทั้งสิบ
================================================================================
/usr/local/lib/python3.11/dist-packages/peft/utils/save_and_load.py:220: UserWarning: Setting `save_embedding_layers` to `True` as embedding layers found in `target_modules`.
  warnings.warn("Setting `save_embedding_layers` to `True` as embedding layers found in `target_modules`.")
